{"timestamp": "2026-02-15T14:00:09.584300", "target": "README.md", "action": "PERMITTED", "detail": ""}
{"timestamp": "2026-02-15T14:00:09.585356", "target": "backend/requirements.txt", "action": "PERMITTED", "detail": ""}
{"timestamp": "2026-02-15T14:00:09.585978", "target": "backend/main.py", "action": "DENIED", "detail": "PATH_NOT_IN_ALLOWLIST"}
{"timestamp": "2026-02-15T14:00:09.586146", "target": "backend/database.py", "action": "DENIED", "detail": "PATH_NOT_IN_ALLOWLIST"}
{"timestamp": "2026-02-15T14:00:09.586264", "target": "backend/models.py", "action": "DENIED", "detail": "PATH_NOT_IN_ALLOWLIST"}
{"timestamp": "2026-02-15T14:00:09.586381", "target": "backend/routes/__init__.py", "action": "DENIED", "detail": "PATH_NOT_IN_ALLOWLIST"}
{"timestamp": "2026-02-15T14:00:09.586496", "target": "backend/routes/teams.py", "action": "DENIED", "detail": "PATH_NOT_IN_ALLOWLIST"}
{"timestamp": "2026-02-15T14:00:09.586624", "target": "frontend/package.json", "action": "PERMITTED", "detail": ""}
{"timestamp": "2026-02-15T14:00:09.586734", "target": "frontend/vite.config.js", "action": "DENIED", "detail": "PATH_NOT_IN_ALLOWLIST"}
{"timestamp": "2026-02-15T14:00:09.586840", "target": "frontend/index.html", "action": "DENIED", "detail": "PATH_NOT_IN_ALLOWLIST"}
{"timestamp": "2026-02-15T14:00:09.586947", "target": "frontend/tailwind.config.js", "action": "DENIED", "detail": "PATH_NOT_IN_ALLOWLIST"}
{"timestamp": "2026-02-15T14:00:09.587054", "target": "frontend/postcss.config.js", "action": "DENIED", "detail": "PATH_NOT_IN_ALLOWLIST"}
{"timestamp": "2026-02-15T14:00:09.587141", "target": "frontend/src/index.css", "action": "PERMITTED", "detail": ""}
{"timestamp": "2026-02-15T14:03:30.696005", "target": "backend/database.py", "action": "DENIED", "detail": "PATH_NOT_IN_ALLOWLIST"}
{"timestamp": "2026-02-15T14:03:30.697640", "target": "backend/schema.sql", "action": "DENIED", "detail": "PATH_NOT_IN_ALLOWLIST"}
{"timestamp": "2026-02-15T14:06:40.981129", "target": "backend/models.py", "action": "DENIED", "detail": "PATH_NOT_IN_ALLOWLIST"}
{"timestamp": "2026-02-15T14:06:40.982612", "target": "backend/database.py", "action": "DENIED", "detail": "PATH_NOT_IN_ALLOWLIST"}
{"timestamp": "2026-02-15T14:06:40.982866", "target": "backend/utils/verdict.py", "action": "DENIED", "detail": "PATH_NOT_IN_ALLOWLIST"}
{"timestamp": "2026-02-15T14:11:27.779351", "target": "frontend/index.html", "action": "DENIED", "detail": "PATH_NOT_IN_ALLOWLIST"}
{"timestamp": "2026-02-15T14:11:27.781381", "target": "frontend/vite.config.js", "action": "DENIED", "detail": "PATH_NOT_IN_ALLOWLIST"}
{"timestamp": "2026-02-15T14:11:27.781601", "target": "frontend/tailwind.config.js", "action": "DENIED", "detail": "PATH_NOT_IN_ALLOWLIST"}
{"timestamp": "2026-02-15T14:11:27.781814", "target": "frontend/postcss.config.js", "action": "DENIED", "detail": "PATH_NOT_IN_ALLOWLIST"}
{"timestamp": "2026-02-15T14:11:27.782025", "target": "frontend/src/index.css", "action": "PERMITTED", "detail": ""}
{"timestamp": "2026-02-15T14:11:27.782155", "target": "frontend/src/main.jsx", "action": "PERMITTED", "detail": ""}
{"timestamp": "2026-02-15T14:11:27.782276", "target": "frontend/src/App.jsx", "action": "PERMITTED", "detail": ""}
{"timestamp": "2026-02-15T14:11:27.782416", "target": "frontend/src/components/Layout.jsx", "action": "PERMITTED", "detail": ""}
{"timestamp": "2026-02-15T14:11:27.782628", "target": "frontend/src/pages/Home.jsx", "action": "PERMITTED", "detail": ""}
{"timestamp": "2026-02-15T14:11:27.782834", "target": "frontend/src/pages/TeamDetail.jsx", "action": "PERMITTED", "detail": ""}
